// Vitest Snapshot v1, https://vitest.dev/guide/snapshot.html

exports[`TitleSelector.vue > matches snapshot 1`] = `"<div class=\\"prime-select-stub\\" options=\\"[object Object],[object Object],[object Object]\\" optionlabel=\\"title\\" optionvalue=\\"title\\" filter=\\"\\" placeholder=\\"Select a note\\" fluid=\\"\\"></div>"`;
